1000.000 AAA137 0E ENTRY
1250.000 AAA137 10E MAINROAD
1750.000 AAA137 20E EXIT
3000.000 AAB144 20E ENTRY
3250.000 AAB144 30E MAINROAD
3750.000 AAB144 40E EXIT
5000.000 AAC151 40E ENTRY
5250.000 AAC151 50E MAINROAD
5750.000 AAC151 60E EXIT
7000.000 AAD158 60E ENTRY
7250.000 AAD158 70E MAINROAD
7750.000 AAD158 80E EXIT
9000.000 AAE165 80E ENTRY
9250.000 AAE165 90E MAINROAD
9750.000 AAE165 100E EXIT
11000.000 AAF172 100E ENTRY
11250.000 AAF172 110E MAINROAD
11750.000 AAF172 120E EXIT
13000.000 AAG179 120E ENTRY
13250.000 AAG179 130E MAINROAD
13750.000 AAG179 140E EXIT
15000.000 AAH186 140E ENTRY
15250.000 AAH186 150E MAINROAD
15750.000 AAH186 160E EXIT
17000.000 AAI193 160E ENTRY
17250.000 AAI193 170E MAINROAD
17750.000 AAI193 180E EXIT
19000.000 AAJ200 180E ENTRY
19250.000 AAJ200 190E MAINROAD
19750.000 AAJ200 200E EXIT
21000.000 AAK207 200E ENTRY
21500.000 AAK207 210E MAINROAD
22000.000 AAK207 220E EXIT
23000.000 AAL214 220E ENTRY
23500.000 AAL214 230E MAINROAD
24000.000 AAL214 240E EXIT
25000.000 AAM221 240E ENTRY
25500.000 AAM221 250E MAINROAD
26000.000 AAM221 260E EXIT
27000.000 AAN228 260E ENTRY
27500.000 AAN228 270E MAINROAD
28000.000 AAN228 280E EXIT
29000.000 AAO235 280E ENTRY
29500.000 AAO235 290E MAINROAD
30000.000 AAO235 300E EXIT
31000.000 AAP242 300E ENTRY
31500.000 AAP242 310E MAINROAD
32000.000 AAP242 320E EXIT
33000.000 AAQ249 320E ENTRY
33500.000 AAQ249 330E MAINROAD
34000.000 AAQ249 340E EXIT
35000.000 AAR256 340E ENTRY
35500.000 AAR256 350E MAINROAD
36000.000 AAR256 360E EXIT
37000.000 AAS263 360E ENTRY
37500.000 AAS263 370E MAINROAD
38000.000 AAS263 380E EXIT
39000.000 AAT270 0E ENTRY
39500.000 AAT270 10E MAINROAD
40000.000 AAT270 20E EXIT
41000.000 AAU277 20E ENTRY
41500.000 AAU277 30E MAINROAD
42000.000 AAU277 40E EXIT
43000.000 AAV284 40E ENTRY
43500.000 AAV284 50E MAINROAD
44000.000 AAV284 60E EXIT
45000.000 AAW291 60E ENTRY
45500.000 AAW291 70E MAINROAD
46000.000 AAW291 80E EXIT
47000.000 AAX298 80E ENTRY
47500.000 AAX298 90E MAINROAD
48000.000 AAX298 100E EXIT
49000.000 AAY305 100E ENTRY
49500.000 AAY305 110E MAINROAD
50000.000 AAY305 120E EXIT
51000.000 AAZ312 120E ENTRY
51500.000 AAZ312 130E MAINROAD
52000.000 AAZ312 140E EXIT
53000.000 ABA319 140E ENTRY
53500.000 ABA319 150E MAINROAD
54000.000 ABA319 160E EXIT
55000.000 ABB326 160E ENTRY
55500.000 ABB326 170E MAINROAD
56000.000 ABB326 180E EXIT
57000.000 ABC333 180E ENTRY
57500.000 ABC333 190E MAINROAD
58000.000 ABC333 200E EXIT
59000.000 ABD340 200E ENTRY
59500.000 ABD340 210E MAINROAD
60000.000 ABD340 220E EXIT
61000.000 ABE347 220E ENTRY
61500.000 ABE347 230E MAINROAD
62000.000 ABE347 240E EXIT
63000.000 ABF354 240E ENTRY
63500.000 ABF354 250E MAINROAD
64000.000 ABF354 260E EXIT
65000.000 ABG361 260E ENTRY
65500.000 ABG361 270E MAINROAD
66000.000 ABG361 280E EXIT
67000.000 ABH368 280E ENTRY
67500.000 ABH368 290E MAINROAD
68000.000 ABH368 300E EXIT
69000.000 ABI375 300E ENTRY
69500.000 ABI375 310E MAINROAD
70000.000 ABI375 320E EXIT
71000.000 ABJ382 320E ENTRY
71500.000 ABJ382 330E MAINROAD
72000.000 ABJ382 340E EXIT
73000.000 ABK389 340E ENTRY
73500.000 ABK389 350E MAINROAD
74000.000 ABK389 360E EXIT
75000.000 ABL396 360E ENTRY
75500.000 ABL396 370E MAINROAD
76000.000 ABL396 380E EXIT
77000.000 ABM403 0E ENTRY
77500.000 ABM403 10E MAINROAD
78000.000 ABM403 20E EXIT
79000.000 ABN410 20E ENTRY
79500.000 ABN410 30E MAINROAD
80000.000 ABN410 40E EXIT
81000.000 ABO417 40E ENTRY
81500.000 ABO417 50E MAINROAD
82000.000 ABO417 60E EXIT
83000.000 ABP424 60E ENTRY
83500.000 ABP424 70E MAINROAD
84000.000 ABP424 80E EXIT
85000.000 ABQ431 80E ENTRY
85500.000 ABQ431 90E MAINROAD
86000.000 ABQ431 100E EXIT
87000.000 ABR438 100E ENTRY
87500.000 ABR438 110E MAINROAD
88000.000 ABR438 120E EXIT
89000.000 ABS445 120E ENTRY
89500.000 ABS445 130E MAINROAD
90000.000 ABS445 140E EXIT
91000.000 ABT452 140E ENTRY
91500.000 ABT452 150E MAINROAD
92000.000 ABT452 160E EXIT
93000.000 ABU459 160E ENTRY
93500.000 ABU459 170E MAINROAD
94000.000 ABU459 180E EXIT
95000.000 ABV466 180E ENTRY
95500.000 ABV466 190E MAINROAD
96000.000 ABV466 200E EXIT
97000.000 ABW473 200E ENTRY
97500.000 ABW473 210E MAINROAD
98000.000 ABW473 220E EXIT
99000.000 ABX480 220E ENTRY
99500.000 ABX480 230E MAINROAD
100000.000 ABX480 240E EXIT
101000.000 ABY487 240E ENTRY
101500.000 ABY487 250E MAINROAD
102000.000 ABY487 260E EXIT
103000.000 ABZ494 260E ENTRY
103500.000 ABZ494 270E MAINROAD
104000.000 ABZ494 280E EXIT
105000.000 ACA501 280E ENTRY
105500.000 ACA501 290E MAINROAD
106000.000 ACA501 300E EXIT
107000.000 ACB508 300E ENTRY
107500.000 ACB508 310E MAINROAD
108000.000 ACB508 320E EXIT
109000.000 ACC515 320E ENTRY
109500.000 ACC515 330E MAINROAD
110000.000 ACC515 340E EXIT
111000.000 ACD522 340E ENTRY
111500.000 ACD522 350E MAINROAD
112000.000 ACD522 360E EXIT
113000.000 ACE529 360E ENTRY
113500.000 ACE529 370E MAINROAD
114000.000 ACE529 380E EXIT
115000.000 ACF536 0E ENTRY
115500.000 ACF536 10E MAINROAD
116000.000 ACF536 20E EXIT
117000.000 ACG543 20E ENTRY
117500.000 ACG543 30E MAINROAD
118000.000 ACG543 40E EXIT
119000.000 ACH550 40E ENTRY
119500.000 ACH550 50E MAINROAD
120000.000 ACH550 60E EXIT
121000.000 ACI557 60E ENTRY
121500.000 ACI557 70E MAINROAD
122000.000 ACI557 80E EXIT
123000.000 ACJ564 80E ENTRY
123500.000 ACJ564 90E MAINROAD
124000.000 ACJ564 100E EXIT
125000.000 ACK571 100E ENTRY
125500.000 ACK571 110E MAINROAD
126000.000 ACK571 120E EXIT
